[23-Sep-2025 04:30:32 UTC] Automatic updates starting...
[23-Sep-2025 04:30:33 UTC] Automatic updates complete.
[23-Sep-2025 05:39:06 UTC] PHP Warning:  Undefined variable $caption_1 in /opt/lampp/htdocs/synergy/wp-content/themes/synergy-theme/front-page.php on line 29
[23-Sep-2025 05:39:06 UTC] PHP Warning:  Undefined variable $caption_2 in /opt/lampp/htdocs/synergy/wp-content/themes/synergy-theme/front-page.php on line 29
[23-Sep-2025 05:39:06 UTC] PHP Warning:  Undefined variable $caption_3 in /opt/lampp/htdocs/synergy/wp-content/themes/synergy-theme/front-page.php on line 30
[23-Sep-2025 05:39:06 UTC] PHP Warning:  Undefined variable $caption_4 in /opt/lampp/htdocs/synergy/wp-content/themes/synergy-theme/front-page.php on line 30
[23-Sep-2025 05:39:11 UTC] PHP Warning:  Undefined variable $caption_1 in /opt/lampp/htdocs/synergy/wp-content/themes/synergy-theme/front-page.php on line 29
[23-Sep-2025 05:39:11 UTC] PHP Warning:  Undefined variable $caption_2 in /opt/lampp/htdocs/synergy/wp-content/themes/synergy-theme/front-page.php on line 29
[23-Sep-2025 05:39:11 UTC] PHP Warning:  Undefined variable $caption_3 in /opt/lampp/htdocs/synergy/wp-content/themes/synergy-theme/front-page.php on line 30
[23-Sep-2025 05:39:11 UTC] PHP Warning:  Undefined variable $caption_4 in /opt/lampp/htdocs/synergy/wp-content/themes/synergy-theme/front-page.php on line 30
[23-Sep-2025 05:58:42 UTC] PHP Warning:  Undefined variable $banner_count_1_text in /opt/lampp/htdocs/synergy/wp-content/themes/synergy-theme/front-page.php on line 98
[23-Sep-2025 05:58:42 UTC] PHP Warning:  Undefined variable $banner_count_2_text in /opt/lampp/htdocs/synergy/wp-content/themes/synergy-theme/front-page.php on line 119
[23-Sep-2025 05:59:06 UTC] PHP Warning:  Undefined variable $banner_count_1_text in /opt/lampp/htdocs/synergy/wp-content/themes/synergy-theme/front-page.php on line 98
[23-Sep-2025 05:59:06 UTC] PHP Warning:  Undefined variable $banner_count_2_text in /opt/lampp/htdocs/synergy/wp-content/themes/synergy-theme/front-page.php on line 119
[23-Sep-2025 06:46:36 UTC] PHP Fatal error:  Uncaught TypeError: Cannot access offset of type string on string in /opt/lampp/htdocs/synergy/wp-content/themes/synergy-theme/front-page.php:193
Stack trace:
#0 /opt/lampp/htdocs/synergy/wp-includes/template-loader.php(106): include()
#1 /opt/lampp/htdocs/synergy/wp-blog-header.php(19): require_once('/opt/lampp/htdo...')
#2 /opt/lampp/htdocs/synergy/index.php(17): require('/opt/lampp/htdo...')
#3 {main}
  thrown in /opt/lampp/htdocs/synergy/wp-content/themes/synergy-theme/front-page.php on line 193
[23-Sep-2025 06:46:52 UTC] PHP Fatal error:  Uncaught TypeError: Cannot access offset of type string on string in /opt/lampp/htdocs/synergy/wp-content/themes/synergy-theme/front-page.php:193
Stack trace:
#0 /opt/lampp/htdocs/synergy/wp-includes/template-loader.php(106): include()
#1 /opt/lampp/htdocs/synergy/wp-blog-header.php(19): require_once('/opt/lampp/htdo...')
#2 /opt/lampp/htdocs/synergy/index.php(17): require('/opt/lampp/htdo...')
#3 {main}
  thrown in /opt/lampp/htdocs/synergy/wp-content/themes/synergy-theme/front-page.php on line 193
[23-Sep-2025 07:06:24 UTC] PHP Fatal error:  Uncaught TypeError: Cannot access offset of type string on string in /opt/lampp/htdocs/synergy/wp-content/themes/synergy-theme/front-page.php:223
Stack trace:
#0 /opt/lampp/htdocs/synergy/wp-includes/template-loader.php(106): include()
#1 /opt/lampp/htdocs/synergy/wp-blog-header.php(19): require_once('/opt/lampp/htdo...')
#2 /opt/lampp/htdocs/synergy/index.php(17): require('/opt/lampp/htdo...')
#3 {main}
  thrown in /opt/lampp/htdocs/synergy/wp-content/themes/synergy-theme/front-page.php on line 223
[23-Sep-2025 08:17:31 UTC] Automatic updates starting...
[23-Sep-2025 08:17:33 UTC] Automatic updates complete.
[23-Sep-2025 08:42:06 UTC] PHP Warning:  Undefined variable $service_caption_1 in /opt/lampp/htdocs/synergy/wp-content/themes/synergy-theme/front-page.php on line 249
[23-Sep-2025 08:42:06 UTC] PHP Warning:  Undefined variable $service_caption_2 in /opt/lampp/htdocs/synergy/wp-content/themes/synergy-theme/front-page.php on line 249
[23-Sep-2025 08:42:06 UTC] PHP Warning:  Undefined variable $service_caption_3 in /opt/lampp/htdocs/synergy/wp-content/themes/synergy-theme/front-page.php on line 249
[23-Sep-2025 08:44:21 UTC] PHP Warning:  Undefined variable $service_caption_1 in /opt/lampp/htdocs/synergy/wp-content/themes/synergy-theme/front-page.php on line 249
[23-Sep-2025 08:44:21 UTC] PHP Warning:  Undefined variable $service_caption_2 in /opt/lampp/htdocs/synergy/wp-content/themes/synergy-theme/front-page.php on line 249
[23-Sep-2025 08:44:21 UTC] PHP Warning:  Undefined variable $service_caption_3 in /opt/lampp/htdocs/synergy/wp-content/themes/synergy-theme/front-page.php on line 249
[23-Sep-2025 08:46:18 UTC] PHP Warning:  Undefined variable $service_caption_1 in /opt/lampp/htdocs/synergy/wp-content/themes/synergy-theme/front-page.php on line 249
[23-Sep-2025 08:46:18 UTC] PHP Warning:  Undefined variable $service_caption_2 in /opt/lampp/htdocs/synergy/wp-content/themes/synergy-theme/front-page.php on line 249
[23-Sep-2025 08:46:18 UTC] PHP Warning:  Undefined variable $service_caption_3 in /opt/lampp/htdocs/synergy/wp-content/themes/synergy-theme/front-page.php on line 249
[23-Sep-2025 08:46:56 UTC] PHP Warning:  Undefined variable $service_caption_1 in /opt/lampp/htdocs/synergy/wp-content/themes/synergy-theme/front-page.php on line 249
[23-Sep-2025 08:46:56 UTC] PHP Warning:  Undefined variable $service_caption_2 in /opt/lampp/htdocs/synergy/wp-content/themes/synergy-theme/front-page.php on line 249
[23-Sep-2025 08:46:56 UTC] PHP Warning:  Undefined variable $service_caption_3 in /opt/lampp/htdocs/synergy/wp-content/themes/synergy-theme/front-page.php on line 249
[23-Sep-2025 08:47:00 UTC] PHP Warning:  Undefined variable $service_caption_1 in /opt/lampp/htdocs/synergy/wp-content/themes/synergy-theme/front-page.php on line 249
[23-Sep-2025 08:47:00 UTC] PHP Warning:  Undefined variable $service_caption_2 in /opt/lampp/htdocs/synergy/wp-content/themes/synergy-theme/front-page.php on line 249
[23-Sep-2025 08:47:00 UTC] PHP Warning:  Undefined variable $service_caption_3 in /opt/lampp/htdocs/synergy/wp-content/themes/synergy-theme/front-page.php on line 249
[23-Sep-2025 08:48:05 UTC] PHP Warning:  Undefined variable $service_caption_1 in /opt/lampp/htdocs/synergy/wp-content/themes/synergy-theme/front-page.php on line 249
[23-Sep-2025 08:48:05 UTC] PHP Warning:  Undefined variable $service_caption_2 in /opt/lampp/htdocs/synergy/wp-content/themes/synergy-theme/front-page.php on line 249
[23-Sep-2025 08:48:05 UTC] PHP Warning:  Undefined variable $service_caption_3 in /opt/lampp/htdocs/synergy/wp-content/themes/synergy-theme/front-page.php on line 249
[23-Sep-2025 08:48:39 UTC] PHP Warning:  Undefined variable $service_caption_1 in /opt/lampp/htdocs/synergy/wp-content/themes/synergy-theme/front-page.php on line 249
[23-Sep-2025 08:48:39 UTC] PHP Warning:  Undefined variable $service_caption_2 in /opt/lampp/htdocs/synergy/wp-content/themes/synergy-theme/front-page.php on line 249
[23-Sep-2025 08:48:39 UTC] PHP Warning:  Undefined variable $service_caption_3 in /opt/lampp/htdocs/synergy/wp-content/themes/synergy-theme/front-page.php on line 249
[23-Sep-2025 08:50:19 UTC] PHP Warning:  Undefined variable $service_caption_1 in /opt/lampp/htdocs/synergy/wp-content/themes/synergy-theme/front-page.php on line 249
[23-Sep-2025 08:50:19 UTC] PHP Warning:  Undefined variable $service_caption_2 in /opt/lampp/htdocs/synergy/wp-content/themes/synergy-theme/front-page.php on line 249
[23-Sep-2025 08:50:19 UTC] PHP Warning:  Undefined variable $service_caption_3 in /opt/lampp/htdocs/synergy/wp-content/themes/synergy-theme/front-page.php on line 249
[23-Sep-2025 08:52:23 UTC] PHP Warning:  Undefined variable $button_text in /opt/lampp/htdocs/synergy/wp-content/themes/synergy-theme/front-page.php on line 251
[23-Sep-2025 11:02:07 UTC] PHP Warning:  wp_update_plugins(): An unexpected error occurred. Something may be wrong with WordPress.org or this server&#8217;s configuration. If you continue to have problems, please try the <a href="https://wordpress.org/support/forums/">support forums</a>. (WordPress could not establish a secure connection to WordPress.org. Please contact your server administrator.) in /opt/lampp/htdocs/synergy/wp-includes/functions.php on line 6121
